MAP
     NAME "Hello World"
     SIZE 400 300
    FONTSET '/var/www/html/ncgap/myfonts.txt'
     IMAGETYPE png
      EXTENT         124005  4845  935385 318165
     CONFIG PROJ_LIB "/usr/local/share/proj/"


     LAYER
          STATUS off
          TYPE point
          FEATURE
               POINTS  0.00 0.00 END
               TEXT "Hello World"
          END # end feature
          CLASS
               STYLE
                    COLOR 255 0 0
               END
               LABEL
                    TYPE bitmap
               END
          END
     END

       OUTPUTFORMAT
         NAME 'AGGA'
         DRIVER AGG/PNG
         IMAGEMODE RGB
         FORMATOPTION "INTERLACE=OFF"
       END

       OUTPUTFORMAT
         NAME mypng
         DRIVER "GD/PNG"
         MIMETYPE "image/png"
         IMAGEMODE rgba
         EXTENSION "png"
         TRANSPARENT ON
        END

        OUTPUTFORMAT
         NAME pdfpng
         DRIVER "GD/PNG"
         MIMETYPE "image/png"
         IMAGEMODE rgb
         EXTENSION "png"
         FORMATOPTION "INTERLACE=OFF"
        END

         SYMBOL
         NAME 'hatch-lines'
         TYPE HATCH
       END

       SYMBOL
         NAME 'hatch-pattern'
         TYPE  vector
         POINTS
           5 5
           6 5
           6 6
           5 6
           5 5
           -1 -1
           15 15
           16 15
           16 16
           15 16
           15 15
         END
       END

       REFERENCE
         IMAGE   '/var/www/html/data/ncgap/nc_ref.png'
         SIZE  150 102
         EXTENT 83682.9 -146859 970717 475621
         STATUS ON
         COLOR -1 -1 -1
       END

     LAYER
         NAME      landcover
         DATA      "/var/www/html/data/ncgap/nc_lcov_256.gtiff"
         STATUS    on
         TYPE      RASTER
         TEMPLATE "dummy.html"
       END
        LAYER
         NAME    elevation
         DATA    "/var/www/html/data/ncgap/NC_Hillshade.gtiff"
         STATUS   off
         TYPE     raster
       END

       LAYER
         NAME    mapcalc
         DATA    ""
         STATUS   off
         TYPE     raster
         debug on
       END

        ########################################################################################################
  ## range map
  LAYER
    CONNECTIONTYPE postgis
    NAME "range"
    CONNECTION "user=postgres  dbname=ncgap host=localhost"
    DATA "wkb_geometry FROM nc_range"
    STATUS OFF
    TYPE POLYGON
    CLASSITEM ""
    CLASS
      NAME "absent"
      EXPRESSION "0"
      STYLE
        OUTLINECOLOR 120 120 120
      END
    END
    CLASS
      NAME "possible"
      EXPRESSION "1"
      STYLE
        OUTLINECOLOR 120 120 120
        COLOR 255 224 165
      END
    END
    CLASS
      NAME "predicted"
      EXPRESSION "2"
          STYLE
        OUTLINECOLOR 120 120 120
        COLOR 255 119 0
      END
    END
    CLASS
      NAME "confirmed"
      EXPRESSION "3"
          STYLE
        OUTLINECOLOR 120 120 120
        COLOR 139 69 19
      END
    END
    CLASS
      NAME "excluded"
      EXPRESSION "4"
          STYLE
            SYMBOL 'hatch-lines'
            COLOR 120 120 120
        ANGLE 60
        SIZE 10
        WIDTH 1
        OUTLINECOLOR 120 120 120
      END
    END
    CLASS
      NAME "historic"
      EXPRESSION "5"
          STYLE
            SYMBOL 'hatch-pattern'
            COLOR 120 120 120
          SIZE 10
          OUTLINECOLOR 120 120 120
        END
      END
    END




END