MAP
  IMAGETYPE	mypng
  EXTENT		 124005  4845  935385 318165
  SIZE		700 500
  IMAGECOLOR	255 255 255
  FONTSET '/var/www/html/ncgap/myfonts.txt'
   #FONTSET '/var/www/html/ncgap/fontset.txt'
  #CONFIG "MS_ERRORFILE" "/home/webserv/ms_error.txt"
  CONFIG "MS_ERRORFILE" "/var/www/html/ncgap/logs/ms_error.txt"
  #CONFIG  "MS_ERRORFILE" "stderr"
  DEBUG 5
  CONFIG PROJ_LIB "/usr/local/share/proj/"

  #WEB
  #	 IMAGEPATH   '/pub/server_temp/'
  #	 IMAGEURL  '/server_temp/'
  #END

 # PROJECTION
 #   "init=epsg:32119"
 # END




  OUTPUTFORMAT
    NAME mypng
    DRIVER "GD/PNG"
    MIMETYPE "image/png"
    IMAGEMODE rgba
    EXTENSION "png"
    TRANSPARENT ON
   END

   OUTPUTFORMAT
    NAME pdfpng
    DRIVER "GD/PNG"
    MIMETYPE "image/png"
    IMAGEMODE rgb
    EXTENSION "png"
    FORMATOPTION "INTERLACE=OFF"
   END

  #LEGEND
  #  STATUS ON
  #  KEYSIZE 40 20
  #  KEYSPACING 5 5
  #  LABEL
  #    TYPE truetype
  #    FONT 'Sans'
  #    SIZE 32
  #  END
  #END






  #############################################################################################################
  ###BACKGROUND RASTER LAYERS
  LAYER
    NAME      landcover
    DATA      "/var/www/html/data/ncgap/nc_lcov_256.gtiff"
    STATUS    on
    TYPE      RASTER
    TEMPLATE "dummy.html"
  END

  LAYER
    NAME    elevation
    DATA    "/var/www/html/data/ncgap/NC_Hillshade.gtiff"
    STATUS   off
    TYPE     raster
  END






END